[backblue.gif]
[fade.gif]
[index.html]
[www.misfitvillage.com/index.php/feed/index.html]
[www.misfitvillage.com/index.php/comments/feed/index.html]
[www.misfitvillage.com/index.php/home/feed/index.html]
[www.misfitvillage.com/wp-includes/js/jquery/jqueryb8ff.js]
[www.misfitvillage.com/wp-includes/js/jquery/jquery-migrate.min330a.js]
[www.misfitvillage.com/wp-content/themes/sensible-wp/js/wow68b3.js]
[www.misfitvillage.com/wp-content/themes/sensible-wp/js/wow-init68b3.js]
[www.misfitvillage.com/wp-content/themes/sensible-wp/js/parallaxa466.js]
[www.misfitvillage.com/xmlrpc0db0.php]
[www.misfitvillage.com/wp-includes/wlwmanifest.xml]
[www.misfitvillage.com/wp-content/uploads/2016/09/favicon_small.png]
[www.misfitvillage.com/wp-content/uploads/2016/09/cropped-icon-32x32.png]
[www.misfitvillage.com/wp-content/uploads/2016/09/cropped-icon-192x192.png]
[www.misfitvillage.com/wp-content/uploads/2016/09/cropped-icon-180x180.png]
[www.misfitvillage.com/wp-content/uploads/2016/08/Misfit-Village-Logo.png]
[www.misfitvillage.com/wp-content/uploads/2018/02/screen02-2.jpg]
[www.misfitvillage.com/wp-content/uploads/2018/03/logoblogBakc-400x250.jpg]
[www.misfitvillage.com/wp-content/uploads/2016/09/sb2-400x250.jpg]
[www.misfitvillage.com/wp-content/uploads/2016/09/Screenshot005.jpg]
[www.misfitvillage.com/wp-content/uploads/2016/09/RoboWaveScreen01.jpg]
[www.misfitvillage.com/wp-content/uploads/2016/09/tess-1.jpg]
[connect.facebook.net/en_US/sdk.js]
[apis.google.com/js/plusone.js]
[apis.google.com/js/platform.js]
[assets.pinterest.com/js/pinit.js]
[www.misfitvillage.com/wp-content/plugins/contact-form-7/includes/js/jquery.form.mind03d.js]
[www.misfitvillage.com/wp-content/plugins/contact-form-7/includes/js/scripts8686.js]
[platform.twitter.com/widgets.js]
[www.misfitvillage.com/wp-includes/js/jquery/ui/core.mine899.js]
[www.misfitvillage.com/wp-content/plugins/ultimate-social-media-plus/js/shuffle/modernizr.custom.mina466.js]
[www.misfitvillage.com/wp-content/plugins/ultimate-social-media-plus/js/shuffle/jquery.shuffle.mina466.js]
[www.misfitvillage.com/wp-content/plugins/ultimate-social-media-plus/js/shuffle/random-shuffle-mina466.js]
[www.misfitvillage.com/wp-content/plugins/ultimate-social-media-plus/js/customa466.js]
[www.misfitvillage.com/wp-content/themes/sensible-wp/js/navigation11a8.js]
[www.misfitvillage.com/wp-content/themes/sensible-wp/js/skip-link-focus-fix08e0.js]
[www.misfitvillage.com/wp-content/themes/sensible-wp/js/jPushMenua466.js]
[www.misfitvillage.com/wp-content/themes/sensible-wp/js/jquery.placeholdera466.js]
[www.misfitvillage.com/wp-content/themes/sensible-wp/js/placeholdertexta466.js]
[www.misfitvillage.com/wp-content/themes/sensible-wp/js/sensible.scriptsa466.js]
[www.misfitvillage.com/wp-includes/js/comment-reply.mina466.js]
[www.misfitvillage.com/wp-includes/js/wp-embed.mina466.js]
[www.misfitvillage.com/index.html]
[www.misfitvillage.com/xmlrpc.php]
[www.misfitvillage.com/wp-content/plugins/contact-form-7/includes/css/styles8686.css]
[www.misfitvillage.com/wp-content/plugins/ultimate-social-media-plus/css/fonts/helvetica_bold_0-webfont.eot]
[www.misfitvillage.com/wp-content/plugins/ultimate-social-media-plus/css/fonts/helvetica_bold_0-webfont.woff]
[www.misfitvillage.com/wp-content/plugins/ultimate-social-media-plus/css/fonts/helvetica_bold_0-webfontd41d.eot]
[www.misfitvillage.com/wp-content/plugins/ultimate-social-media-plus/css/fonts/helvetica_bold_0-webfont.ttf]
[www.misfitvillage.com/wp-content/plugins/ultimate-social-media-plus/css/fonts/helvetica_0-webfont.eot]
[www.misfitvillage.com/wp-content/plugins/ultimate-social-media-plus/css/fonts/helvetica_0-webfont.woff]
[www.misfitvillage.com/wp-content/plugins/ultimate-social-media-plus/css/fonts/helvetica_0-webfontd41d.eot]
[www.misfitvillage.com/wp-content/plugins/ultimate-social-media-plus/css/fonts/helvetica_0-webfont.ttf]
[www.misfitvillage.com/wp-content/plugins/ultimate-social-media-plus/css/fonts/helveticaneue-light.eot]
[www.misfitvillage.com/wp-content/plugins/ultimate-social-media-plus/css/fonts/helveticaneue-light.woff]
[www.misfitvillage.com/wp-content/plugins/ultimate-social-media-plus/css/fonts/helveticaneue-lightd41d.eot]
[www.misfitvillage.com/wp-content/plugins/ultimate-social-media-plus/css/fonts/helveticaneue-light.ttf]
[www.misfitvillage.com/wp-content/plugins/ultimate-social-media-plus/images/count_bg.png]
[www.misfitvillage.com/wp-content/plugins/ultimate-social-media-plus/images/check_bg.jpg]
[www.misfitvillage.com/wp-content/plugins/ultimate-social-media-plus/images/radio_bg.png]
[www.misfitvillage.com/wp-content/plugins/ultimate-social-media-plus/images/select_bg.jpg]
[www.misfitvillage.com/wp-content/plugins/ultimate-social-media-plus/images/count_bg.jpg]
[www.misfitvillage.com/wp-content/plugins/ultimate-social-media-plus/images/select_bg1.jpg]
[www.misfitvillage.com/wp-content/plugins/ultimate-social-media-plus/images/count_bg1.png]
[www.misfitvillage.com/wp-content/plugins/ultimate-social-media-plus/images/tab_3_list_bg.jpg]
[www.misfitvillage.com/wp-content/plugins/ultimate-social-media-plus/images/ajax-loader.gif]
[www.misfitvillage.com/wp-content/plugins/ultimate-social-media-plus/images/bot_tip_icn.png]
[www.misfitvillage.com/wp-content/plugins/ultimate-social-media-plus/css/images/count_top_arow.png]
[www.misfitvillage.com/wp-content/plugins/ultimate-social-media-plus/css/images/count_left_arow.png]
[www.misfitvillage.com/wp-content/plugins/ultimate-social-media-plus/css/sfsi-stylea466.css]
[www.misfitvillage.com/wp-content/themes/sensible-wp/img/h1-bg.png]
[www.misfitvillage.com/wp-content/themes/sensible-wp/stylea466.css]
[www.misfitvillage.com/wp-content/themes/sensible-wp/fonts/fontawesome-webfont5b62.eot]
[www.misfitvillage.com/wp-content/themes/sensible-wp/fonts/fontawesome-webfontd41d.eot]
[www.misfitvillage.com/wp-content/themes/sensible-wp/fonts/fontawesome-webfont5b62.woff]
[www.misfitvillage.com/wp-content/themes/sensible-wp/fonts/fontawesome-webfont5b62.ttf]
[www.misfitvillage.com/wp-content/themes/sensible-wp/fonts/font-awesomea466.css]
[www.misfitvillage.com/wp-content/themes/sensible-wp/css/jPushMenua466.css]
[www.misfitvillage.com/wp-content/themes/sensible-wp/css/animatea466.css]
[www.misfitvillage.com/index83dc.html]
[www.misfitvillage.com/wp-json/index.html]
[www.misfitvillage.com/wp-json/oembed/1.0/embed1050.html]
[www.misfitvillage.com/wp-json/oembed/1.0/embed4351.html]
[www.misfitvillage.com/wp-content/uploads/2016/08/steam-logo-300x192.png]
[www.misfitvillage.com/wp-content/uploads/2016/08/4K-Wallpaper1-1024x576.jpg]
[www.misfitvillage.com/wp-content/uploads/2016/08/4K-Wallpaper2-1024x576.jpg]
[www.misfitvillage.com/wp-content/uploads/2016/08/ss_2fda2496d1f78280d8adc7a2b40dfa7f977ab367-1024x576.jpg]
[www.misfitvillage.com/wp-content/uploads/2016/08/4K-Wallpaper1.jpg]
[www.misfitvillage.com/wp-content/uploads/2016/08/4K-Wallpaper2.jpg]
[www.misfitvillage.com/wp-content/uploads/2016/08/ss_2fda2496d1f78280d8adc7a2b40dfa7f977ab367.jpg]
[www.misfitvillage.com/wp-content/uploads/2016/08/ss_9ea0d8b5035d912e0fc8017b3e0f9a839207a8d9.jpg]
[www.misfitvillage.com/wp-content/uploads/2016/08/ss_9ea0d8b5035d912e0fc8017b3e0f9a839207a8d9-1024x576.jpg]
[www.misfitvillage.com/wp-content/uploads/2016/08/ss_4e3d618b2c76da53980e8b0b51d28a6b72e66a6d.jpg]
[www.misfitvillage.com/wp-content/uploads/2016/08/ss_4e3d618b2c76da53980e8b0b51d28a6b72e66a6d-1024x576.jpg]
[www.misfitvillage.com/wp-content/uploads/2016/08/screen1.jpg]
[www.misfitvillage.com/wp-content/uploads/2016/08/screen1-1024x530.jpg]
[www.misfitvillage.com/wp-content/uploads/2016/08/screen03.jpg]
[www.misfitvillage.com/wp-content/uploads/2016/08/screen03-1024x532.jpg]
[www.misfitvillage.com/wp-content/uploads/2016/08/ss_60546d69336e3f2734b0c09910211abd18765cf3.jpg]
[www.misfitvillage.com/wp-content/uploads/2016/08/ss_60546d69336e3f2734b0c09910211abd18765cf3-1024x576.jpg]
[www.misfitvillage.com/wp-content/uploads/2016/08/screen05.jpg]
[www.misfitvillage.com/wp-content/uploads/2016/08/screen05-1024x530.jpg]
[www.misfitvillage.com/wp-content/uploads/2016/08/screen06-1.jpg]
[www.misfitvillage.com/wp-content/uploads/2016/08/screen06-1-1024x528.jpg]
[www.misfitvillage.com/wp-content/uploads/2016/08/ss_c06a735b8e3e146fe443f8f98bd46ab7cd4d3a59.jpg]
[www.misfitvillage.com/wp-content/uploads/2016/08/ss_c06a735b8e3e146fe443f8f98bd46ab7cd4d3a59-1024x576.jpg]
[www.misfitvillage.com/index.php/home/tainted-fate/index.html]
[www.misfitvillage.com/wp-content/uploads/2016/09/sb.jpg]
[www.misfitvillage.com/wp-content/uploads/2016/09/Screen1.jpg]
[www.misfitvillage.com/wp-content/uploads/2016/09/Screen1-200x200.jpg]
[www.misfitvillage.com/wp-content/uploads/2016/09/Screen2.jpg]
[www.misfitvillage.com/wp-content/uploads/2016/09/Screen2-200x200.jpg]
[www.misfitvillage.com/wp-content/uploads/2016/09/Screen3.jpg]
[www.misfitvillage.com/wp-content/uploads/2016/09/Screen3-200x200.jpg]
[www.misfitvillage.com/wp-content/uploads/2016/09/Screen4.jpg]
[www.misfitvillage.com/wp-content/uploads/2016/09/Screen4-200x200.jpg]
[www.misfitvillage.com/wp-content/uploads/2016/09/screen5.jpg]
[www.misfitvillage.com/wp-content/uploads/2016/09/screen5-200x200.jpg]
[www.misfitvillage.com/wp-content/uploads/2016/09/Screen6.jpg]
[www.misfitvillage.com/wp-content/uploads/2016/09/Screen6-200x200.jpg]
[www.misfitvillage.com/wp-content/plugins/shortcodes-ultimate/assets/js/magnific-popupe2dc.js]
[www.misfitvillage.com/wp-content/plugins/shortcodes-ultimate/assets/js/swiperc141.js]
[www.misfitvillage.com/wp-content/plugins/shortcodes-ultimate/assets/js/galleries-shortcodesd87f.js]
[www.misfitvillage.com/index.php/home/robowave/index.html]
[www.misfitvillage.com/wp-content/uploads/2016/09/sb2.jpg]
[www.misfitvillage.com/index.php/fellow-developer-stole-steam-game/feed/index.html]
[3.bp.blogspot.com/-IImxOu_hpY4/WP269Zp-lDI/AAAAAAAABew/Sfz-NGlatFEnXfQselH5mjX20965N620QCPcB/s1600/agreement.jpg]
[3.bp.blogspot.com/-IImxOu_hpY4/WP269Zp-lDI/AAAAAAAABew/Sfz-NGlatFEnXfQselH5mjX20965N620QCPcB/s320/agreement.jpg]
[1.bp.blogspot.com/-2--MwwOEu5o/WP26-yxirLI/AAAAAAAABew/tHKYF6nJCbkEwm9EWH8at4oP9dEZdfNnQCPcB/s1600/wdawerr.jpg]
[2.bp.blogspot.com/-PBpWfbeiVD4/WP26-Pys-0I/AAAAAAAABew/bz1pTB9Z5YcuAX2rOUIJS9iNX40NFqLpACPcB/s1/MladenPayment_March2015]
[1.bp.blogspot.com/-2--MwwOEu5o/WP26-yxirLI/AAAAAAAABew/tHKYF6nJCbkEwm9EWH8at4oP9dEZdfNnQCPcB/s320/wdawerr.jpg]
[2.bp.blogspot.com/-PBpWfbeiVD4/WP26-Pys-0I/AAAAAAAABew/bz1pTB9Z5YcuAX2rOUIJS9iNX40NFqLpACPcB/s3/MladenPayment_March2015]
[2.bp.blogspot.com/-Y2edM2OzwUs/WSGPc_OEacI/AAAAAAAABiI/RFtSLK5ZUgw0YPKI5q3kXPtqyMimPMjxwCLcB/s1/1-_Wr7RMqbKDKNTC7gHym3A]
[2.bp.blogspot.com/-Y2edM2OzwUs/WSGPc_OEacI/AAAAAAAABiI/RFtSLK5ZUgw0YPKI5q3kXPtqyMimPMjxwCLcB/s3/1-_Wr7RMqbKDKNTC7gHym3A]
[1.bp.blogspot.com/-wzAwIE6YVOs/WSGPnUIHkKI/AAAAAAAABiM/6JzrnQ_JvPg_dHMbvJGkKlLqIoBkf7LlACLcB/s1/1-NiRRQsI50ZJxH_8N7--Nq]
[www.misfitvillage.com/wp-content/plugins/akismet/_inc/formcf1b.js]
[1.bp.blogspot.com/-wzAwIE6YVOs/WSGPnUIHkKI/AAAAAAAABiM/6JzrnQ_JvPg_dHMbvJGkKlLqIoBkf7LlACLcB/s3/1-NiRRQsI50ZJxH_8N7--Nq]
[www.misfitvillage.com/index.php/fellow-developer-stole-steam-game/index.html]
[www.misfitvillage.com/wp-content/uploads/2018/03/logoblogBakc.jpg]
[www.misfitvillage.com/index.php/blog/index.html]
[www.google.com/recaptcha/apiae20.js]
[www.misfitvillage.com/index.php/contact/index.html]
[www.misfitvillage.com/index.php/tainted-fate-new-logo/feed/index.html]
[www.misfitvillage.com/wp-content/uploads/2018/03/logo1-300x110.png]
[www.misfitvillage.com/wp-content/uploads/2018/03/Fonts-1.png]
[www.misfitvillage.com/wp-content/uploads/2018/03/fontsnarrowed-228x300.png]
[www.misfitvillage.com/wp-content/uploads/2018/03/01blog.jpg]
[www.misfitvillage.com/wp-content/uploads/2018/03/02-1.jpg]
[www.misfitvillage.com/wp-content/uploads/2018/03/03-1.jpg]
[www.misfitvillage.com/wp-content/uploads/2018/03/099.jpg]
[www.misfitvillage.com/index.php/tainted-fate-new-logo/index.html]
[www.misfitvillage.com/index.php/fellow-developer-stole-steam-game-part-2/feed/index.html]
[www.misfitvillage.com/wp-content/uploads/2017/07/MediumTakedown.png]
[www.misfitvillage.com/wp-content/uploads/2017/07/MediumTakedown-1024x518.png]
[www.misfitvillage.com/wp-content/uploads/2017/07/13marked.jpg]
[www.misfitvillage.com/wp-content/uploads/2017/07/13marked-1024x448.jpg]
[www.misfitvillage.com/index.php/fellow-developer-stole-steam-game-part-2/index.html]
[connect.facebook.net/en_US/sdk.js]
[www.misfitvillage.com/wp-content/plugins/ultimate-social-media-plus/css/fonts/helvetica_bold_0-webfont.svg]
[www.misfitvillage.com/wp-content/plugins/ultimate-social-media-plus/css/fonts/helvetica_0-webfont.svg]
[www.misfitvillage.com/wp-content/plugins/ultimate-social-media-plus/css/fonts/helveticaneue-light.svg]
[www.misfitvillage.com/wp-content/plugins/ultimate-social-media-plus/images/top_aro.html]
[www.misfitvillage.com/wp-content/themes/sensible-wp/fonts/fontawesome-webfont5b62.html]
[www.misfitvillage.com/wp-content/themes/sensible-wp/fonts/fontawesome-webfont5b62.svg]
[www.misfitvillage.com/index46b2.html]
[www.misfitvillage.com/wp-json/oembed/1.0/embed3d49.html]
[www.misfitvillage.com/wp-json/oembed/1.0/embed3be9.html]
[www.misfitvillage.com/index3f11.html]
[www.misfitvillage.com/wp-json/oembed/1.0/embed5c9c.html]
[www.misfitvillage.com/wp-json/oembed/1.0/embed665b.html]
[www.misfitvillage.com/wp-content/plugins/shortcodes-ultimate/assets/css/magnific-popupe2dc.css]
[www.misfitvillage.com/wp-content/plugins/shortcodes-ultimate/assets/images/swiper/default.png]
[www.misfitvillage.com/wp-content/plugins/shortcodes-ultimate/assets/css/galleries-shortcodesd87f.css]
[www.misfitvillage.com/index427f.html]
[www.misfitvillage.com/wp-json/oembed/1.0/embede40f.html]
[www.misfitvillage.com/wp-json/oembed/1.0/embed6d5c.html]
[www.misfitvillage.com/index.php/fellow-developer-stole-steam-game/index267f.html]
[www.misfitvillage.com/index.php/fellow-developer-stole-steam-game/index6f0d.html]
[www.misfitvillage.com/index.php/2018/03/index.html]
[www.misfitvillage.com/index.php/2017/07/index.html]
[www.misfitvillage.com/index.php/category/nekategorizirano/index.html]
[www.misfitvillage.com/index.php/category/nekategorizirano/feed/index.html]
[www.misfitvillage.com/wp-content/uploads/2016/09/cropped-icon-270x270.png]
[www.misfitvillage.com/wp-admin/load-stylese9be.css]
[www.misfitvillage.com/wp-login.html]
[www.misfitvillage.com/wp-content/uploads/2014/11/hero-1.html]
[www.misfitvillage.com/index.php/author/admin/index.html]
[www.misfitvillage.com/index.php/author/admin/feed/index.html]
[www.misfitvillage.com/index.php/tag/design/index.html]
[www.misfitvillage.com/index.php/tag/design/feed/index.html]
[www.misfitvillage.com/index.php/tag/game/index.html]
[www.misfitvillage.com/index.php/tag/horror/index.html]
[www.misfitvillage.com/index.php/tag/game/feed/index.html]
[www.misfitvillage.com/index.php/tag/horror/feed/index.html]
[www.misfitvillage.com/index.php/tag/logo/index.html]
[www.misfitvillage.com/index.php/tag/vr/index.html]
[www.misfitvillage.com/index.php/tag/logo/feed/index.html]
[www.misfitvillage.com/index.php/tag/vr/feed/index.html]
[www.misfitvillage.com/indexbd0a.html]
[www.misfitvillage.com/wp-json/oembed/1.0/embedfcff.html]
[www.misfitvillage.com/wp-json/oembed/1.0/embed40cc.html]
[www.misfitvillage.com/indexa318.html]
[www.misfitvillage.com/wp-json/oembed/1.0/embedea62.html]
[www.misfitvillage.com/wp-json/oembed/1.0/embed528e.html]
[www.misfitvillage.com/index83b7.html]
[www.misfitvillage.com/wp-json/oembed/1.0/embed2e4c.html]
[www.misfitvillage.com/wp-json/oembed/1.0/embed20bf.html]
[www.misfitvillage.com/index.php/fellow-developer-stole-steam-game-part-2/index41b7.html]
[www.misfitvillage.com/index.php/fellow-developer-stole-steam-game-part-2/index94a5.html]
[www.misfitvillage.com/index.php/fellow-developer-stole-steam-game-part-2/index6944.html]
[www.misfitvillage.com/index.php/fellow-developer-stole-steam-game-part-2/indexa858.html]
[www.misfitvillage.com/index.php/fellow-developer-stole-steam-game-part-2/index04d3.html]
[www.misfitvillage.com/index.php/fellow-developer-stole-steam-game-part-2/indexfa40.html]
[www.misfitvillage.com/index.php/fellow-developer-stole-steam-game-part-2/index360b.html]
[www.misfitvillage.com/index.php/fellow-developer-stole-steam-game-part-2/index8528.html]
[www.misfitvillage.com/index.php/fellow-developer-stole-steam-game-part-2/indexa79a.html]
[www.misfitvillage.com/index.php/fellow-developer-stole-steam-game-part-2/index5a86.html]
[www.misfitvillage.com/index.php/fellow-developer-stole-steam-game-part-2/indexa82a.html]
[www.misfitvillage.com/index.php/fellow-developer-stole-steam-game-part-2/index6d69.html]
[www.misfitvillage.com/index.php/fellow-developer-stole-steam-game-part-2/index4058.html]
[www.misfitvillage.com/index.php/fellow-developer-stole-steam-game-part-2/index9e05.html]
[www.misfitvillage.com/index.php/fellow-developer-stole-steam-game-part-2/index7c31.html]
[www.misfitvillage.com/wp-includes/fonts/dashicons.eot]
[www.misfitvillage.com/wp-admin/images/loading.gif]
[www.misfitvillage.com/wp-admin/images/w-logo-blue7a53.png]
[www.misfitvillage.com/wp-admin/load-stylese9be.css]
[www.misfitvillage.com/wp-admin/index.html]
[www.misfitvillage.com/wp-loginc2b6.html]
[www.misfitvillage.com/wp-admin/images/wordpress-logo7d6b.svg]
[www.misfitvillage.com/wp-logind431.html]
[www.misfitvillage.com/wp-admin/&reauth=1.html]
